******************************************************************************
                  TI ARM Linker Unix v18.12.3                  
******************************************************************************
>> Linked Thu Nov  7 16:43:49 2019

OUTPUT FILE NAME:   <CAN_Tx.out>
ENTRY POINT SYMBOL: "_c_int00"  address: 00006144


MEMORY CONFIGURATION

         name            origin    length      used     unused   attr    fill
----------------------  --------  ---------  --------  --------  ----  --------
  VECTORS               00000000   00000020  00000020  00000000     X
  FLASH0                00000020   0017ffe0  00006df8  001791e8  R  X
  FLASH1                00180000   00180000  00000000  00180000  R  X
  STACKS                08000000   00001500  00000000  00001500  RW  
  RAM                   08001500   0003eb00  00000009  0003eaf7  RW  


SEGMENT ALLOCATION MAP

run origin  load origin   length   init length attrs members
----------  ----------- ---------- ----------- ----- -------
00000000    00000000    00006e18   00006e18    r-x
  00000000    00000000    00000020   00000020    r-x .intvecs
  00000020    00000020    00006c38   00006c38    r-x .text
  00006c58    00006c58    000001a0   000001a0    r-- .const
  00006df8    00006df8    00000020   00000020    r-- .cinit
08001500    08001500    00000009   00000000    rw-
  08001500    08001500    00000009   00000000    rw- .data


SECTION ALLOCATION MAP

 output                                  attributes/
section   page    origin      length       input sections
--------  ----  ----------  ----------   ----------------
.intvecs   0    00000000    00000020     
                  00000000    00000020     sys_intvecs.obj (.intvecs)

.text      0    00000020    00006c38     
                  00000020    00002cdc     sys_selftest.obj (.text)
                  00002cfc    00000b6c     system.obj (.text)
                  00003868    00000aa8     can.obj (.text)
                  00004310    00000898     sys_vim.obj (.text)
                  00004ba8    00000664     errata_SSWF021_45.obj (.text)
                  0000520c    00000630     pinmux.obj (.text)
                  0000583c    000005bc     esm.obj (.text)
                  00005df8    0000034c     sys_core.obj (.text)
                  00006144    000002ac     sys_startup.obj (.text:retain)
                  000063f0    00000290     sys_vim.obj (.text:retain)
                  00006680    00000114     esm.obj (.text:retain)
                  00006794    000000ec     sys_main.obj (.text)
                  00006880    000000e8     dabort.obj (.text)
                  00006968    000000e0     sys_pmu.obj (.text)
                  00006a48    000000a8     notification.obj (.text)
                  00006af0    0000009c     rtsv7R4_T_be_v3D16_eabi.lib : memcpy_t2.asm.obj (.text)
                  00006b8c    0000006c                                 : copy_decompress_lzss.c.obj (.text:decompress:lzss:__TI_decompress_lzss)
                  00006bf8    00000044                                 : autoinit.c.obj (.text:__TI_auto_init_nobinit_nopinit:__TI_auto_init_nobinit_nopinit)
                  00006c3c    0000000e                                 : copy_decompress_none.c.obj (.text:decompress:none:__TI_decompress_none)
                  00006c4a    00000004                                 : exit.c.obj (.text:abort:abort)
                  00006c4e    00000002     --HOLE-- [fill = 0]
                  00006c50    00000004     sys_phantom.obj (.text:retain)
                  00006c54    00000004     sys_startup.obj (.text)

.const     0    00006c58    000001a0     
                  00006c58    00000180     sys_vim.obj (.const:s_vim_init)
                  00006dd8    00000020     can.obj (.const:s_canByteOrder)

.cinit     0    00006df8    00000020     
                  00006df8    0000000e     (.cinit..data.load) [load image, compression = lzss]
                  00006e06    00000002     --HOLE-- [fill = 0]
                  00006e08    00000008     (__TI_handler_table)
                  00006e10    00000008     (__TI_cinit_table)

.data      0    08001500    00000009     UNINITIALIZED
                  08001500    00000009     sys_main.obj (.data:tx_data)

MODULE SUMMARY

       Module                       code    ro data   rw data
       ------                       ----    -------   -------
    ./source/
       sys_selftest.obj             11484   0         0      
       sys_vim.obj                  2856    384       0      
       system.obj                   2924    0         0      
       can.obj                      2728    32        0      
       esm.obj                      1744    0         0      
       errata_SSWF021_45.obj        1636    0         0      
       pinmux.obj                   1584    0         0      
       sys_core.obj                 844     0         0      
       sys_startup.obj              688     0         0      
       sys_main.obj                 236     0         9      
       dabort.obj                   232     0         0      
       sys_pmu.obj                  224     0         0      
       notification.obj             168     0         0      
       sys_intvecs.obj              32      0         0      
       sys_phantom.obj              4       0         0      
    +--+----------------------------+-------+---------+---------+
       Total:                       27384   416       9      
                                                             
    /home/mouehab/ti/ccs920/ccs/tools/compiler/ti-cgt-arm_18.12.3.LTS/lib/rtsv7R4_T_be_v3D16_eabi.lib
       memcpy_t2.asm.obj            156     0         0      
       copy_decompress_lzss.c.obj   108     0         0      
       autoinit.c.obj               68      0         0      
       copy_decompress_none.c.obj   14      0         0      
       exit.c.obj                   4       0         0      
    +--+----------------------------+-------+---------+---------+
       Total:                       350     0         0      
                                                             
       Linker Generated:            0       30        0      
    +--+----------------------------+-------+---------+---------+
       Grand Total:                 27734   446       9      


LINKER GENERATED COPY TABLES

__TI_cinit_table @ 00006e10 records: 1, size/record: 8, table size: 8
	.data: load addr=00006df8, load size=0000000e bytes, run addr=08001500, run size=00000009 bytes, compression=lzss


LINKER GENERATED HANDLER TABLE

__TI_handler_table @ 00006e08 records: 2, size/record: 4, table size: 8
	index: 0, handler: __TI_decompress_lzss
	index: 1, handler: __TI_decompress_none


GLOBAL SYMBOLS: SORTED ALPHABETICALLY BY Name 

address   name                                
-------   ----                                
00006c4b  C$$EXIT                             
UNDEFED   SHT$$INIT_ARRAY$$Base               
UNDEFED   SHT$$INIT_ARRAY$$Limit              
00006e10  __TI_CINIT_Base                     
00006e18  __TI_CINIT_Limit                    
00006e08  __TI_Handler_Table_Base             
00006e10  __TI_Handler_Table_Limit            
0000613c  __TI_PINIT_Base                     
00006140  __TI_PINIT_Limit                    
00006bf9  __TI_auto_init_nobinit_nopinit      
00006b8d  __TI_decompress_lzss                
00006c3d  __TI_decompress_none                
ffffffff  __TI_pprof_out_hndl                 
ffffffff  __TI_prof_data_size                 
ffffffff  __TI_prof_data_start                
00000000  __TI_static_base__                  
00006af1  __aeabi_memcpy                      
00006af1  __aeabi_memcpy4                     
00006af1  __aeabi_memcpy8                     
ffffffff  __binit__                           
ffffffff  __c_args__                          
00006144  _c_int00                            
00006054  _coreClearAuxiliaryDataFault_       
00006068  _coreClearAuxiliaryInstructionFault_
0000602c  _coreClearDataFaultAddress_         
00006004  _coreClearDataFault_                
00006040  _coreClearInstructionFaultAddress_  
00006018  _coreClearInstructionFault_         
00005f98  _coreDisableEventBusExport_         
00005fdc  _coreDisableFlashEcc_               
00005fb8  _coreDisableRamEcc_                 
00005f88  _coreEnableEventBusExport_          
00005fc8  _coreEnableFlashEcc_                
00005fec  _coreEnableIrqVicOffset_            
00005fa8  _coreEnableRamEcc_                  
00005f70  _coreEnableVfp_                     
0000604c  _coreGetAuxiliaryDataFault_         
00006060  _coreGetAuxiliaryInstructionFault_  
00006024  _coreGetDataFaultAddress_           
00005ffc  _coreGetDataFault_                  
00006038  _coreGetInstructionFaultAddress_    
00006010  _coreGetInstructionFault_           
00005df8  _coreInitRegisters_                 
00005f04  _coreInitStackPointer_              
00006880  _dabort                             
0000607c  _disable_FIQ_interrupt_             
00006084  _disable_IRQ_interrupt_             
00006074  _disable_interrupt_                 
0000608c  _enable_interrupt_                  
0000611c  _errata_CORTEXR4_57_                
0000612c  _errata_CORTEXR4_66_                
00004ba8  _errata_SSWF021_45_both_plls        
00004d9c  _errata_SSWF021_45_pll1             
00004f14  _errata_SSWF021_45_pll2             
00006094  _esmCcmErrorsClear_                 
00005f50  _getCPSRValue_                      
00005f58  _gotoCPUIdle_                       
000069c4  _pmuDisableCountersGlobal_          
000069b4  _pmuEnableCountersGlobal_           
00006a20  _pmuGetCycleCount_                  
00006a28  _pmuGetEventCount_                  
00006a34  _pmuGetOverflow_                    
00006968  _pmuInit_                           
000069f4  _pmuResetCounters_                  
000069d4  _pmuResetCycleCounter_              
000069e4  _pmuResetEventCounters_             
00006a14  _pmuSetCountEvent_                  
00006a04  _pmuStartCounters_                  
00006a0c  _pmuStopCounters_                   
UNDEFED   _system_post_cinit                  
00006c4b  abort                               
0000126c  adc1ParityCheck                     
00001358  adc2ParityCheck                     
ffffffff  binit                               
00004154  can1GetConfigValue                  
00001410  can1ParityCheck                     
000014e8  can2ParityCheck                     
000015b0  can3ParityCheck                     
00003ff4  canDisableErrorNotification         
00003fd4  canDisableStatusChangeNotification  
0000404c  canDisableloopback                  
00003f94  canEnableErrorNotification          
00003fb4  canEnableStatusChangeNotification   
00004014  canEnableloopback                   
00006844  canErrorNotification                
00003d3c  canFillMessageObjectData            
00003a64  canGetData                          
00003f70  canGetErrorLevel                    
00003bbc  canGetID                            
00003f4c  canGetLastError                     
00003868  canInit                             
00004138  canIoRxGetBit                       
0000407c  canIoSetDirection                   
000040cc  canIoSetPort                        
0000411c  canIoTxGetBit                       
00003ef0  canIsMessageBoxValid                
00003e94  canIsRxMessageArrived               
00003e38  canIsTxMessagePending               
00006830  canMessageNotification              
00003c9c  canSendRemoteFrame                  
00006ab4  canStatusChangeNotification         
00003968  canTransmit                         
00003c24  canUpdateID                         
00000030  ccmSelfCheck                        
000026fc  ccmr4GetConfigValue                 
00000938  checkB0RAMECC                       
00000b28  checkB1RAMECC                       
00001c18  checkClockMonitor                   
00000d18  checkFlashECC                       
00001cf4  checkFlashEEPROMECC                 
00001e8c  checkPLL1Slip                       
00001f8c  checkPLL2Slip                       
000067b0  checkPackets                        
00002050  checkRAMAddrParity                  
000019d0  checkRAMECC                         
0000215c  checkRAMUERRTest                    
000007bc  checkefcSelfTest                    
00000234  cpuSelfTest                         
00000dfc  cpuSelfTestFail                     
00003790  customTrimLPO                       
00000df4  custom_dabort                       
00002b58  disableParity                       
00006adc  dmaGroupANotification               
00000eac  dmaParityCheck                      
00000660  efcCheck                            
00002660  efcGetConfigValue                   
00000794  efcSelfTest                         
000006e8  efcStuckZeroTest                    
00002ad0  enableParity                        
0000276c  errata_PBIST_4                      
000059c0  esmActivateNormalOperation          
00005a94  esmClearStatus                      
00005ad4  esmClearStatusBuffer                
00005988  esmDisableError                     
000059f8  esmDisableInterrupt                 
00005960  esmEnableError                      
000059d0  esmEnableInterrupt                  
00005bcc  esmEnterSelfTest                    
00005944  esmError                            
00005ca4  esmGetConfigValue                   
00005b10  esmGetStatus                        
00005b94  esmGetStatusBuffer                  
00006858  esmGroup1Notification               
00006868  esmGroup2Notification               
00006680  esmHighInterrupt                    
0000583c  esmInit                             
00005c54  esmSelfTestStatus                   
00005af0  esmSetCounterPreloadValue           
00005a20  esmSetInterruptLevel                
000059b0  esmTriggerErrorPinReset             
000022c4  fmcBus1ParityCheck                  
0000085c  fmcBus2Check                        
00000898  fmcECCcheck                         
00006c54  handlePLLLockFail                   
00000f58  het1ParityCheck                     
000010c0  het2ParityCheck                     
00001004  htu1ParityCheck                     
000011bc  htu2ParityCheck                     
00006794  main                                
00002e6c  mapClocks                           
00006af1  memcpy                              
00000174  memoryInit                          
00006a68  memoryPort0TestFailNotification     
00006a84  memoryPort1TestFailNotification     
00001684  mibspi1ParityCheck                  
0000178c  mibspi3ParityCheck                  
000018b0  mibspi5ParityCheck                  
0000520c  muxInit                             
000023ec  pbistFail                           
00002470  pbistGetConfigValue                 
000005a8  pbistIsTestCompleted                
000005d4  pbistIsTestPassed                   
00000608  pbistPortTestStatus                 
000004ac  pbistRun                            
000002cc  pbistSelfCheck                      
00000578  pbistStop                           
00002e18  periphInit                          
00006c50  phantomInterrupt                    
00005590  pinmuxGetConfigValue                
00000000  resetEntry                          
00000020  selftestFailNotification            
00002dd8  setupFlash                          
00002cfc  setupPLL                            
00003654  sramGetConfigValue                  
000025bc  stcGetConfigValue                   
000001b8  stcSelfCheck                        
00000df8  stcSelfCheckFail                    
0000308c  systemGetConfigValue                
00002f90  systemInit                          
0000305c  systemPowerDown                     
000034a8  tcmflashGetConfigValue              
00002d5c  trimLPO                             
08001500  tx_data                             
000043e4  vimChannelMap                       
000045e0  vimDisableInterrupt                 
00004488  vimEnableInterrupt                  
00004664  vimGetConfigValue                   
00004310  vimInit                             
00000e00  vimParityCheck                      
000063f0  vimParityErrorHandler               


GLOBAL SYMBOLS: SORTED BY Symbol Address 

address   name                                
-------   ----                                
00000000  __TI_static_base__                  
00000000  resetEntry                          
00000020  selftestFailNotification            
00000030  ccmSelfCheck                        
00000174  memoryInit                          
000001b8  stcSelfCheck                        
00000234  cpuSelfTest                         
000002cc  pbistSelfCheck                      
000004ac  pbistRun                            
00000578  pbistStop                           
000005a8  pbistIsTestCompleted                
000005d4  pbistIsTestPassed                   
00000608  pbistPortTestStatus                 
00000660  efcCheck                            
000006e8  efcStuckZeroTest                    
00000794  efcSelfTest                         
000007bc  checkefcSelfTest                    
0000085c  fmcBus2Check                        
00000898  fmcECCcheck                         
00000938  checkB0RAMECC                       
00000b28  checkB1RAMECC                       
00000d18  checkFlashECC                       
00000df4  custom_dabort                       
00000df8  stcSelfCheckFail                    
00000dfc  cpuSelfTestFail                     
00000e00  vimParityCheck                      
00000eac  dmaParityCheck                      
00000f58  het1ParityCheck                     
00001004  htu1ParityCheck                     
000010c0  het2ParityCheck                     
000011bc  htu2ParityCheck                     
0000126c  adc1ParityCheck                     
00001358  adc2ParityCheck                     
00001410  can1ParityCheck                     
000014e8  can2ParityCheck                     
000015b0  can3ParityCheck                     
00001684  mibspi1ParityCheck                  
0000178c  mibspi3ParityCheck                  
000018b0  mibspi5ParityCheck                  
000019d0  checkRAMECC                         
00001c18  checkClockMonitor                   
00001cf4  checkFlashEEPROMECC                 
00001e8c  checkPLL1Slip                       
00001f8c  checkPLL2Slip                       
00002050  checkRAMAddrParity                  
0000215c  checkRAMUERRTest                    
000022c4  fmcBus1ParityCheck                  
000023ec  pbistFail                           
00002470  pbistGetConfigValue                 
000025bc  stcGetConfigValue                   
00002660  efcGetConfigValue                   
000026fc  ccmr4GetConfigValue                 
0000276c  errata_PBIST_4                      
00002ad0  enableParity                        
00002b58  disableParity                       
00002cfc  setupPLL                            
00002d5c  trimLPO                             
00002dd8  setupFlash                          
00002e18  periphInit                          
00002e6c  mapClocks                           
00002f90  systemInit                          
0000305c  systemPowerDown                     
0000308c  systemGetConfigValue                
000034a8  tcmflashGetConfigValue              
00003654  sramGetConfigValue                  
00003790  customTrimLPO                       
00003868  canInit                             
00003968  canTransmit                         
00003a64  canGetData                          
00003bbc  canGetID                            
00003c24  canUpdateID                         
00003c9c  canSendRemoteFrame                  
00003d3c  canFillMessageObjectData            
00003e38  canIsTxMessagePending               
00003e94  canIsRxMessageArrived               
00003ef0  canIsMessageBoxValid                
00003f4c  canGetLastError                     
00003f70  canGetErrorLevel                    
00003f94  canEnableErrorNotification          
00003fb4  canEnableStatusChangeNotification   
00003fd4  canDisableStatusChangeNotification  
00003ff4  canDisableErrorNotification         
00004014  canEnableloopback                   
0000404c  canDisableloopback                  
0000407c  canIoSetDirection                   
000040cc  canIoSetPort                        
0000411c  canIoTxGetBit                       
00004138  canIoRxGetBit                       
00004154  can1GetConfigValue                  
00004310  vimInit                             
000043e4  vimChannelMap                       
00004488  vimEnableInterrupt                  
000045e0  vimDisableInterrupt                 
00004664  vimGetConfigValue                   
00004ba8  _errata_SSWF021_45_both_plls        
00004d9c  _errata_SSWF021_45_pll1             
00004f14  _errata_SSWF021_45_pll2             
0000520c  muxInit                             
00005590  pinmuxGetConfigValue                
0000583c  esmInit                             
00005944  esmError                            
00005960  esmEnableError                      
00005988  esmDisableError                     
000059b0  esmTriggerErrorPinReset             
000059c0  esmActivateNormalOperation          
000059d0  esmEnableInterrupt                  
000059f8  esmDisableInterrupt                 
00005a20  esmSetInterruptLevel                
00005a94  esmClearStatus                      
00005ad4  esmClearStatusBuffer                
00005af0  esmSetCounterPreloadValue           
00005b10  esmGetStatus                        
00005b94  esmGetStatusBuffer                  
00005bcc  esmEnterSelfTest                    
00005c54  esmSelfTestStatus                   
00005ca4  esmGetConfigValue                   
00005df8  _coreInitRegisters_                 
00005f04  _coreInitStackPointer_              
00005f50  _getCPSRValue_                      
00005f58  _gotoCPUIdle_                       
00005f70  _coreEnableVfp_                     
00005f88  _coreEnableEventBusExport_          
00005f98  _coreDisableEventBusExport_         
00005fa8  _coreEnableRamEcc_                  
00005fb8  _coreDisableRamEcc_                 
00005fc8  _coreEnableFlashEcc_                
00005fdc  _coreDisableFlashEcc_               
00005fec  _coreEnableIrqVicOffset_            
00005ffc  _coreGetDataFault_                  
00006004  _coreClearDataFault_                
00006010  _coreGetInstructionFault_           
00006018  _coreClearInstructionFault_         
00006024  _coreGetDataFaultAddress_           
0000602c  _coreClearDataFaultAddress_         
00006038  _coreGetInstructionFaultAddress_    
00006040  _coreClearInstructionFaultAddress_  
0000604c  _coreGetAuxiliaryDataFault_         
00006054  _coreClearAuxiliaryDataFault_       
00006060  _coreGetAuxiliaryInstructionFault_  
00006068  _coreClearAuxiliaryInstructionFault_
00006074  _disable_interrupt_                 
0000607c  _disable_FIQ_interrupt_             
00006084  _disable_IRQ_interrupt_             
0000608c  _enable_interrupt_                  
00006094  _esmCcmErrorsClear_                 
0000611c  _errata_CORTEXR4_57_                
0000612c  _errata_CORTEXR4_66_                
0000613c  __TI_PINIT_Base                     
00006140  __TI_PINIT_Limit                    
00006144  _c_int00                            
000063f0  vimParityErrorHandler               
00006680  esmHighInterrupt                    
00006794  main                                
000067b0  checkPackets                        
00006830  canMessageNotification              
00006844  canErrorNotification                
00006858  esmGroup1Notification               
00006868  esmGroup2Notification               
00006880  _dabort                             
00006968  _pmuInit_                           
000069b4  _pmuEnableCountersGlobal_           
000069c4  _pmuDisableCountersGlobal_          
000069d4  _pmuResetCycleCounter_              
000069e4  _pmuResetEventCounters_             
000069f4  _pmuResetCounters_                  
00006a04  _pmuStartCounters_                  
00006a0c  _pmuStopCounters_                   
00006a14  _pmuSetCountEvent_                  
00006a20  _pmuGetCycleCount_                  
00006a28  _pmuGetEventCount_                  
00006a34  _pmuGetOverflow_                    
00006a68  memoryPort0TestFailNotification     
00006a84  memoryPort1TestFailNotification     
00006ab4  canStatusChangeNotification         
00006adc  dmaGroupANotification               
00006af1  __aeabi_memcpy                      
00006af1  __aeabi_memcpy4                     
00006af1  __aeabi_memcpy8                     
00006af1  memcpy                              
00006b8d  __TI_decompress_lzss                
00006bf9  __TI_auto_init_nobinit_nopinit      
00006c3d  __TI_decompress_none                
00006c4b  C$$EXIT                             
00006c4b  abort                               
00006c50  phantomInterrupt                    
00006c54  handlePLLLockFail                   
00006e08  __TI_Handler_Table_Base             
00006e10  __TI_CINIT_Base                     
00006e10  __TI_Handler_Table_Limit            
00006e18  __TI_CINIT_Limit                    
08001500  tx_data                             
ffffffff  __TI_pprof_out_hndl                 
ffffffff  __TI_prof_data_size                 
ffffffff  __TI_prof_data_start                
ffffffff  __binit__                           
ffffffff  __c_args__                          
ffffffff  binit                               
UNDEFED   SHT$$INIT_ARRAY$$Base               
UNDEFED   SHT$$INIT_ARRAY$$Limit              
UNDEFED   _system_post_cinit                  

[200 symbols]
